[cdn.bolvo.com/eltron/index04b9.html]
[backblue.gif]
[fade.gif]
[index.html]
[cdn.bolvo.com/eltron/assets/img/logo/ficon.png]
[cdn.bolvo.com/eltron/assets/css/owl.carousel.css]
[cdn.bolvo.com/eltron/assets/css/fontawesome-all.css]
[cdn.bolvo.com/eltron/assets/css/simple-line-icons.css]
[cdn.bolvo.com/eltron/assets/css/animate.css]
[cdn.bolvo.com/eltron/assets/css/flaticon.css]
[cdn.bolvo.com/eltron/assets/css/bootstrap.min.css]
[cdn.bolvo.com/eltron/assets/css/video.min.css]
[cdn.bolvo.com/eltron/assets/css/lightbox.css]
[cdn.bolvo.com/eltron/assets/css/style.css]
[cdn.bolvo.com/eltron/assets/img/logo/logo1.png]
[cdn.bolvo.com/eltron/index.html]
[cdn.bolvo.com/eltron/index-2.html]
[cdn.bolvo.com/eltron/about.html]
[cdn.bolvo.com/eltron/service.html]
[cdn.bolvo.com/eltron/service-single.html]
[cdn.bolvo.com/eltron/blog.html]
[cdn.bolvo.com/eltron/blog-single.html]
[cdn.bolvo.com/eltron/assets/img/slider/sm1.jpg]
[cdn.bolvo.com/eltron/contact.html]
[cdn.bolvo.com/eltron/assets/icon/icon5.svg]
[cdn.bolvo.com/eltron/assets/img/slider/sm2.jpg]
[cdn.bolvo.com/eltron/assets/img/about/ab1.jpg]
[cdn.bolvo.com/eltron/assets/img/about/ab2.jpg]
[cdn.bolvo.com/eltron/assets/img/about/ab3.jpg]
[cdn.bolvo.com/eltron/assets/img/background/ft-bg.jpg]
[cdn.bolvo.com/eltron/assets/img/service/ser1.jpg]
[cdn.bolvo.com/eltron/assets/img/service/ser2.jpg]
[cdn.bolvo.com/eltron/assets/img/service/ser3.jpg]
[cdn.bolvo.com/eltron/assets/img/service/ser4.jpg]
[cdn.bolvo.com/eltron/assets/img/advantage/avd1.jpg]
[cdn.bolvo.com/eltron/assets/img/advantage/avd2.jpg]
[cdn.bolvo.com/eltron/assets/img/advantage/avd3.jpg]
[cdn.bolvo.com/eltron/assets/img/advantage/avd4.jpg]
[cdn.bolvo.com/eltron/assets/img/project/pr1.jpg]
[cdn.bolvo.com/eltron/assets/img/project/pr2.jpg]
[cdn.bolvo.com/eltron/assets/img/project/pr3.jpg]
[cdn.bolvo.com/eltron/assets/img/project/pr4.jpg]
[cdn.bolvo.com/eltron/assets/img/project/pr5.jpg]
[cdn.bolvo.com/eltron/assets/img/expertice/ex1.jpg]
[cdn.bolvo.com/eltron/assets/img/expertice/ex2.jpg]
[cdn.bolvo.com/eltron/assets/img/expertice/ex3.jpg]
[cdn.bolvo.com/eltron/assets/img/background/tbg.jpg]
[cdn.bolvo.com/eltron/assets/img/testimonial/tst1.jpg]
[cdn.bolvo.com/eltron/assets/img/blog/bp2.jpg]
[cdn.bolvo.com/eltron/assets/img/blog/bp1.jpg]
[cdn.bolvo.com/eltron/assets/img/logo/f-logo.png]
[cdn.bolvo.com/eltron/assets/js/jquery.min.js]
[cdn.bolvo.com/eltron/assets/js/bootstrap.min.js]
[cdn.bolvo.com/eltron/assets/js/popper.min.js]
[cdn.bolvo.com/eltron/assets/js/owl.carousel.min.js]
[cdn.bolvo.com/eltron/assets/js/jarallax.js]
[cdn.bolvo.com/eltron/assets/js/jquery.magnific-popup.min.js]
[cdn.bolvo.com/eltron/assets/js/appear.js]
[cdn.bolvo.com/eltron/assets/js/imagesloaded.pkgd.min.js]
[cdn.bolvo.com/eltron/assets/js/masonry.pkgd.min.js]
[cdn.bolvo.com/eltron/assets/js/lightbox.js]
[cdn.bolvo.com/eltron/assets/js/isotope.pkgd.min.js]
[cdn.bolvo.com/eltron/assets/js/waypoints.min.js]
[cdn.bolvo.com/eltron/assets/js/jquery.counterup.min.js]
[cdn.bolvo.com/eltron/assets/js/tilt.jquery.min.js]
[cdn.bolvo.com/eltron/assets/js/wow.min.js]
[cdn.bolvo.com/eltron/assets/js/script.js]
[cdn.bolvo.com/eltron/index04b9.html]
[cdn.bolvo.com/eltron/assets/img/logo/ficon.html]
[cdn.bolvo.com/eltron/assets/js/gmap3.min.js]
[cdn.bolvo.com/eltron/assets/css/owl.video.play.png]
[cdn.bolvo.com/eltron/assets/css/owl.carousel.css]
[cdn.bolvo.com/eltron/assets/fonts/fa-brands-400.eot]
[cdn.bolvo.com/eltron/assets/fonts/fa-brands-400d41d.eot]
[cdn.bolvo.com/eltron/assets/fonts/fa-brands-400.woff2]
[cdn.bolvo.com/eltron/assets/fonts/fa-brands-400.woff]
[cdn.bolvo.com/eltron/assets/fonts/fa-brands-400.ttf]
[cdn.bolvo.com/eltron/assets/fonts/fa-brands-400.svg]
[cdn.bolvo.com/eltron/assets/fonts/fa-regular-400.eot]
[cdn.bolvo.com/eltron/assets/fonts/fa-regular-400d41d.eot]
[cdn.bolvo.com/eltron/assets/fonts/fa-regular-400.woff2]
[cdn.bolvo.com/eltron/assets/fonts/fa-regular-400.woff]
[cdn.bolvo.com/eltron/assets/fonts/fa-regular-400.ttf]
[cdn.bolvo.com/eltron/assets/fonts/fa-regular-400.svg]
[cdn.bolvo.com/eltron/assets/fonts/fa-solid-900.eot]
[cdn.bolvo.com/eltron/assets/fonts/fa-solid-900d41d.eot]
[cdn.bolvo.com/eltron/assets/fonts/fa-solid-900.woff2]
[cdn.bolvo.com/eltron/assets/fonts/fa-solid-900.woff]
[cdn.bolvo.com/eltron/assets/fonts/fa-solid-900.ttf]
[cdn.bolvo.com/eltron/assets/css/fontawesome-all.css]
[cdn.bolvo.com/eltron/assets/fonts/fa-solid-900.svg]
[cdn.bolvo.com/eltron/assets/fonts/Simple-Line-Iconsb26c.eot]
[cdn.bolvo.com/eltron/assets/fonts/Simple-Line-Iconsb26c.woff2]
[cdn.bolvo.com/eltron/assets/fonts/Simple-Line-Iconsb26c.ttf]
[cdn.bolvo.com/eltron/assets/fonts/Simple-Line-Iconsb26c.woff]
[cdn.bolvo.com/eltron/assets/css/simple-line-icons.css]
[cdn.bolvo.com/eltron/assets/css/animate.css]
[cdn.bolvo.com/eltron/assets/fonts/Simple-Line-Iconsb26c.svg]
[cdn.bolvo.com/eltron/assets/fonts/Flaticon.eot]
[cdn.bolvo.com/eltron/assets/fonts/Flaticond41d.eot]
[cdn.bolvo.com/eltron/assets/fonts/Flaticon.woff2]
[cdn.bolvo.com/eltron/assets/fonts/Flaticon.woff]
[cdn.bolvo.com/eltron/assets/fonts/Flaticon.ttf]
[cdn.bolvo.com/eltron/assets/fonts/Flaticon.svg]
[cdn.bolvo.com/eltron/assets/css/flaticon.css]
[cdn.bolvo.com/eltron/assets/css/bootstrap.min.css]
[dimsemenov.com/images/sm-logo-24x24.png]
[cdn.bolvo.com/eltron/assets/css/video.min.css]
[cdn.bolvo.com/eltron/assets/img/close.png]
[cdn.bolvo.com/eltron/assets/img/loading.gif]
[cdn.bolvo.com/eltron/assets/img/prev.png]
[cdn.bolvo.com/eltron/assets/img/next.png]
[cdn.bolvo.com/eltron/assets/css/lightbox.css]
[cdn.bolvo.com/eltron/assets/img/arrow3.png]
[cdn.bolvo.com/eltron/assets/img/loader.svg]
[cdn.bolvo.com/eltron/assets/img/background/abbg.png]
[cdn.bolvo.com/eltron/assets/img/background/f-cfbg.jpg]
[cdn.bolvo.com/eltron/assets/img/background/cbg1.jpg]
[cdn.bolvo.com/eltron/assets/img/background/cbg2.jpg]
[cdn.bolvo.com/eltron/assets/img/background/d-shape.png]
[cdn.bolvo.com/eltron/assets/css/style.css]
[cdn.bolvo.com/eltron/index.html]
[cdn.bolvo.com/eltron/assets/img/slider/sm3.jpg]
[cdn.bolvo.com/eltron/assets/img/slider/sm4.jpg]
[cdn.bolvo.com/eltron/assets/img/slider/sm5.jpg]
[cdn.bolvo.com/eltron/assets/icon/icon12.svg]
[cdn.bolvo.com/eltron/assets/icon/icon13.svg]
[cdn.bolvo.com/eltron/assets/img/background/fbg2.jpg]
[cdn.bolvo.com/eltron/assets/img/project/pm1.jpg]
[cdn.bolvo.com/eltron/assets/img/project/pm2.jpg]
[cdn.bolvo.com/eltron/assets/img/project/pm3.jpg]
[cdn.bolvo.com/eltron/assets/img/project/pm4.jpg]
[cdn.bolvo.com/eltron/assets/img/project/pm5.jpg]
[cdn.bolvo.com/eltron/assets/img/project/pm6.jpg]
[cdn.bolvo.com/eltron/assets/img/background/ibg.jpg]
[cdn.bolvo.com/eltron/assets/img/team/tm1.jpg]
[cdn.bolvo.com/eltron/assets/img/team/tm2.jpg]
[cdn.bolvo.com/eltron/assets/img/team/tm3.jpg]
[cdn.bolvo.com/eltron/assets/img/team/tm4.jpg]
[cdn.bolvo.com/eltron/assets/img/blog/bp3.jpg]
[cdn.bolvo.com/eltron/assets/img/blog/bp4.jpg]
[cdn.bolvo.com/eltron/index-2.html]
[cdn.bolvo.com/eltron/assets/img/background/bcbg.jpg]
[cdn.bolvo.com/eltron/about.html]
[cdn.bolvo.com/eltron/assets/img/background/scbg.jpg]
[cdn.bolvo.com/eltron/assets/img/partner/p1.png]
[cdn.bolvo.com/eltron/assets/img/partner/p2.png]
[cdn.bolvo.com/eltron/assets/img/partner/p3.png]
[cdn.bolvo.com/eltron/assets/img/partner/p4.png]
[cdn.bolvo.com/eltron/service.html]
[cdn.bolvo.com/eltron/assets/img/service/serd1.jpg]
[cdn.bolvo.com/eltron/assets/img/service/serd2.jpg]
[cdn.bolvo.com/eltron/service-single.html]
[cdn.bolvo.com/eltron/assets/img/background/bcbg1.jpg]
[cdn.bolvo.com/eltron/assets/img/blog/bpp1.jpg]
[cdn.bolvo.com/eltron/assets/img/arrow2.png]
[cdn.bolvo.com/eltron/assets/img/blog/bpp2.jpg]
[cdn.bolvo.com/eltron/assets/img/blog/bpp3.jpg]
[cdn.bolvo.com/eltron/assets/img/blog/bpp5.jpg]
[cdn.bolvo.com/eltron/assets/img/blog/rcp1.jpg]
[cdn.bolvo.com/eltron/assets/img/blog/rcp2.jpg]
[cdn.bolvo.com/eltron/assets/img/blog/rcp3.jpg]
[cdn.bolvo.com/eltron/assets/img/gallery/g1.jpg]
[cdn.bolvo.com/eltron/assets/img/gallery/g2.jpg]
[cdn.bolvo.com/eltron/assets/img/gallery/g3.jpg]
[cdn.bolvo.com/eltron/assets/img/gallery/g4.jpg]
[cdn.bolvo.com/eltron/assets/img/gallery/g5.jpg]
[cdn.bolvo.com/eltron/assets/img/gallery/g6.jpg]
[cdn.bolvo.com/eltron/blog.html]
[cdn.bolvo.com/eltron/assets/img/blog/bd1.jpg]
[cdn.bolvo.com/eltron/assets/img/blog/bd2.jpg]
[cdn.bolvo.com/eltron/assets/img/blog/bcp1.jpg]
[cdn.bolvo.com/eltron/blog-single.html]
[cdn.bolvo.com/eltron/assets/js/validate.js]
[cdn.bolvo.com/eltron/contact.html]
[cdn.bolvo.com/eltron/assets/icon/icon5.svg]
[cdn.bolvo.com/eltron/assets/css/owl.video.play.html]
[cdn.bolvo.com/eltron/assets/fonts/fa-brands-400.svg]
[cdn.bolvo.com/eltron/assets/fonts/fa-regular-400.svg]
[cdn.bolvo.com/eltron/assets/fonts/fa-solid-900.svg]
[cdn.bolvo.com/eltron/assets/fonts/Simple-Line-Iconsb26c.svg]
[cdn.bolvo.com/eltron/assets/fonts/Flaticon.html]
[cdn.bolvo.com/eltron/assets/img/loader.svg]
[cdn.bolvo.com/eltron/assets/icon/icon12.svg]
[cdn.bolvo.com/eltron/assets/icon/icon13.svg]
[cdn.bolvo.com/eltron/assets/js/script-2.js]
